"C:/Users/ShifT/GitHub/POP_timing_FPGA/POP_timers_AX2/source/TinyFPGA_A2.v=work,Verilog 2001"
"C:/Users/ShifT/GitHub/POP_timing_FPGA/POP_timers_AX2/source/compare_n.v=work,Verilog 2001"
"C:/Users/ShifT/GitHub/POP_timing_FPGA/POP_timers_AX2/source/comparator_testbench.v=work,Verilog 2001"
"C:/Users/ShifT/GitHub/POP_timing_FPGA/POP_timers_AX2/source/count_n.v=work,Verilog 2001"
"C:/Users/ShifT/GitHub/POP_timing_FPGA/POP_timers_AX2/source/count_testbench.v=work,Verilog 2001"
"C:/Users/ShifT/GitHub/POP_timing_FPGA/POP_timers_AX2/source/PLL_testbench.v=work,Verilog 2001"
"C:/Users/ShifT/GitHub/POP_timing_FPGA/POP_timers_AX2/source/POPtimers.v=work,Verilog 2001"
"C:/Users/ShifT/GitHub/POP_timing_FPGA/POP_timers_AX2/source/POPtimers_testbench.v=work,Verilog 2001"
"C:/Users/ShifT/GitHub/POP_timing_FPGA/POP_timers_AX2/source/wrapper.v=work,Verilog 2001"
"C:/Users/ShifT/GitHub/POP_timing_FPGA/POP_timers_AX2/source/wrapper_testbench.v=work,Verilog 2001"
"C:/Users/ShifT/GitHub/POP_timing_FPGA/POP_timers_AX2/source/extensions.v=work,Verilog 2001"
"C:/Users/ShifT/GitHub/POP_timing_FPGA/POP_timers_AX2/source/extensions_testbench.v=work,Verilog 2001"
"C:/Users/ShifT/GitHub/POP_timing_FPGA/POP_timers_AX2/source/DIV4PLL.v=work,Verilog 2001"
"C:/Users/ShifT/GitHub/POP_timing_FPGA/POP_timers_AX2/source/clocks.v=work,Verilog 2001"
